{'main': [{'Files': [{'Handle': <_io.TextIOWrapper name='bus.fbd' mode='r' encoding='UTF-8'>,
                      'Id': '0x1000',
                      'Kind': 'File',
                      'Parent': RD to '0x1001',
                      'Path': 'bus.fbd',
                      'Symbols': {'my_mask': {'Id': '0x1002',
                                              'Kind': 'Element Type Definition',
                                              'Line Number': 1,
                                              'Properties': {'width': {'Line Number': 2,
                                                                       'Value': {'Child': {'Kind': 'decimal_literal',
                                                                                           'String': '10',
                                                                                           'Value': 10},
                                                                                 'Kind': 'primary_expression',
                                                                                 'String': '10'}}},
                                              'Type': 'mask'}}}],
           'Id': '0x1001',
           'Kind': 'Package',
           'Path': '/home/mkru/workspace/FBDL/PyFBDL/tests/parsing/valid/mask_simple_definition/bus.fbd',
           'Symbols': {'my_mask': RD to '0x1002'}}]}
