{'main': [{'Files': [{'Handle': <_io.TextIOWrapper name='bus.fbd' mode='r' encoding='UTF-8'>,
                      'Id': '0x1000',
                      'Kind': 'File',
                      'Parent': RD to '0x1001',
                      'Path': 'bus.fbd',
                      'Symbols': {'my_bus': {'Id': '0x1003',
                                             'Kind': 'Element Type Definition',
                                             'Line Number': 1,
                                             'Parameters': ({'Name': 'm'},),
                                             'Properties': {'masters': {'Line Number': 2,
                                                                        'Value': {'Child': {'Kind': 'identifier',
                                                                                            'String': 'm'},
                                                                                  'Kind': 'primary_expression',
                                                                                  'String': 'm'}}},
                                             'Symbols': {'my_mask': {'Id': '0x1002',
                                                                     'Kind': 'Element '
                                                                             'Type '
                                                                             'Definition',
                                                                     'Line Number': 4,
                                                                     'Parameters': ({'Name': 'w'},),
                                                                     'Properties': {'width': {'Line Number': 5,
                                                                                              'Value': {'Child': {'Kind': 'identifier',
                                                                                                                  'String': 'w'},
                                                                                                        'Kind': 'primary_expression',
                                                                                                        'String': 'w'}}},
                                                                     'Type': 'mask'}},
                                             'Type': 'bus'}}}],
           'Id': '0x1001',
           'Kind': 'Package',
           'Path': '/home/mkru/workspace/FBDL/PyFBDL/tests/parsing/valid/element_definition_in_element_definition/bus.fbd',
           'Symbols': {'my_bus': RD to '0x1003'}}]}
