{'main': [{'Files': [{'Handle': <_io.TextIOWrapper name='bus.fbd' mode='r' encoding='UTF-8'>,
                      'Id': '0x1000',
                      'Kind': 'File',
                      'Parent': RD to '0x1001',
                      'Path': 'bus.fbd',
                      'Symbols': {'A': {'Id': '0x1002',
                                        'Kind': 'Constant',
                                        'Line Number': 1,
                                        'Value': {'Child': {'Kind': 'decimal_literal',
                                                            'String': '1',
                                                            'Value': 1},
                                                  'Kind': 'primary_expression',
                                                  'String': '1'}},
                                  'B': {'Id': '0x1003',
                                        'Kind': 'Constant',
                                        'Line Number': 3,
                                        'Value': {'Child': {'Kind': 'decimal_literal',
                                                            'String': '2',
                                                            'Value': 2},
                                                  'Kind': 'primary_expression',
                                                  'String': '2'}},
                                  'C': {'Id': '0x1004',
                                        'Kind': 'Constant',
                                        'Line Number': 4,
                                        'Value': {'Child': {'Kind': 'decimal_literal',
                                                            'String': '3',
                                                            'Value': 3},
                                                  'Kind': 'primary_expression',
                                                  'String': '3'}}}}],
           'Id': '0x1001',
           'Kind': 'Package',
           'Path': '/home/mkru/workspace/FBDL/PyFBDL/tests/parsing/valid/const/bus.fbd',
           'Symbols': {'A': RD to '0x1002',
                       'B': RD to '0x1003',
                       'C': RD to '0x1004'}}]}
