{'main': [{'Files': [{'Handle': <_io.TextIOWrapper name='bus.fbd' mode='r' encoding='UTF-8'>,
                      'Id': '0x1000',
                      'Kind': 'File',
                      'Parent': RD to '0x1001',
                      'Path': 'bus.fbd',
                      'Symbols': {'main': {'Id': '0x1004',
                                           'Kind': 'Element Anonymous '
                                                   'Instantiation',
                                           'Line Number': 1,
                                           'Symbols': {'A': {'Id': '0x1002',
                                                             'Kind': 'Constant',
                                                             'Line Number': 2,
                                                             'Value': {'Child': {'Kind': 'decimal_literal',
                                                                                 'String': '5',
                                                                                 'Value': 5},
                                                                       'Kind': 'primary_expression',
                                                                       'String': '5'}},
                                                       'my_mask': {'Id': '0x1003',
                                                                   'Kind': 'Element '
                                                                           'Definition',
                                                                   'Line Number': 4,
                                                                   'Properties': {'width': {'Line Number': 5,
                                                                                            'Value': {'Child': {'Kind': 'identifier',
                                                                                                                'String': 'A'},
                                                                                                      'Kind': 'primary_expression',
                                                                                                      'String': 'A'}}},
                                                                   'Type': 'mask'}},
                                           'Type': 'bus'}}}],
           'Id': '0x1001',
           'Kind': 'Package',
           'Path': '/home/mkru/workspace/FBDL/PyFBDL/tests/parsing/valid/element_definition_in_anonymous_element_instantiation/bus.fbd',
           'Symbols': {'main': RD to '0x1004'}}]}
