{'dummy': ({'Files': ({'Handle': <_io.TextIOWrapper name='/home/mkru/workspace/FBDL/PyFBDL/tests/parsing/valid/package_discovery_in_fbd_directory/fbd/dummy/dummy.fbd' mode='r' encoding='UTF-8'>,
                       'Id': '0x1000',
                       'Kind': 'File',
                       'Parent': RD to '0x1001',
                       'Path': '/home/mkru/workspace/FBDL/PyFBDL/tests/parsing/valid/package_discovery_in_fbd_directory/fbd/dummy/dummy.fbd',
                       'Symbols': {'A': {'Id': '0x1004',
                                         'Kind': 'Constant',
                                         'Line Number': 1,
                                         'Value': {'Child': {'Kind': 'decimal_literal',
                                                             'String': '5',
                                                             'Value': 5},
                                                   'Kind': 'primary_expression',
                                                   'String': '5'}}}},),
            'Id': '0x1001',
            'Kind': 'Package',
            'Path': '/home/mkru/workspace/FBDL/PyFBDL/tests/parsing/valid/package_discovery_in_fbd_directory/fbd/dummy',
            'Symbols': {'A': RD to '0x1004'}},),
 'main': [{'Files': [{'Handle': <_io.TextIOWrapper name='bus.fbd' mode='r' encoding='UTF-8'>,
                      'Id': '0x1002',
                      'Imports': {'dummy': {'Actual Name': 'dummy',
                                            'Package': RD to '0x1001'}},
                      'Kind': 'File',
                      'Parent': RD to '0x1003',
                      'Path': 'bus.fbd',
                      'Symbols': {'B': {'Id': '0x1005',
                                        'Kind': 'Constant',
                                        'Line Number': 3,
                                        'Value': {'Child': {'Identifier': 'A',
                                                            'Kind': 'qualified_identifier',
                                                            'Package': 'dummy',
                                                            'String': 'dummy.A'},
                                                  'Kind': 'primary_expression',
                                                  'String': 'dummy.A'}}}}],
           'Id': '0x1003',
           'Kind': 'Package',
           'Path': '/home/mkru/workspace/FBDL/PyFBDL/tests/parsing/valid/package_discovery_in_fbd_directory/bus.fbd',
           'Symbols': {'B': RD to '0x1005'}}]}
