{'main': [{'Files': [{'Handle': <_io.TextIOWrapper name='bus.fbd' mode='r' encoding='UTF-8'>,
                      'Id': '0x1000',
                      'Kind': 'File',
                      'Parent': RD to '0x1001',
                      'Path': 'bus.fbd',
                      'Symbols': {'my_config': {'Id': '0x1003',
                                                'Kind': 'Element Type '
                                                        'Definition',
                                                'Line Number': 5,
                                                'Parameters': ({'Default Value': {'Child': {'Kind': 'decimal_literal',
                                                                                            'String': '10',
                                                                                            'Value': 10},
                                                                                  'Kind': 'primary_expression',
                                                                                  'String': '10'},
                                                                'Name': 'W'},),
                                                'Parent': RD to '0x1000',
                                                'Properties': {'width': {'Line Number': 6,
                                                                         'Value': {'Child': {'Kind': 'identifier',
                                                                                             'String': 'W'},
                                                                                   'Kind': 'primary_expression',
                                                                                   'String': 'W'}}},
                                                'Type': 'config'},
                                  'my_mask': {'Id': '0x1002',
                                              'Kind': 'Element Type Definition',
                                              'Line Number': 1,
                                              'Parameters': ({'Name': 'A'},
                                                             {'Name': 'B'}),
                                              'Parent': RD to '0x1000',
                                              'Properties': {'atomic': {'Line Number': 2,
                                                                        'Value': {'Child': {'Kind': 'identifier',
                                                                                            'String': 'A'},
                                                                                  'Kind': 'primary_expression',
                                                                                  'String': 'A'}},
                                                             'width': {'Line Number': 3,
                                                                       'Value': {'Child': {'Kind': 'identifier',
                                                                                           'String': 'B'},
                                                                                 'Kind': 'primary_expression',
                                                                                 'String': 'B'}}},
                                              'Type': 'mask'},
                                  'my_status': {'Id': '0x1004',
                                                'Kind': 'Element Type '
                                                        'Definition',
                                                'Line Number': 8,
                                                'Parameters': ({'Name': 'a'},
                                                               {'Default Value': {'Child': {'Kind': 'false',
                                                                                            'String': 'false',
                                                                                            'Value': False},
                                                                                  'Kind': 'primary_expression',
                                                                                  'String': 'false'},
                                                                'Name': 'b'}),
                                                'Parent': RD to '0x1000',
                                                'Properties': {'atomic': {'Line Number': 9,
                                                                          'Value': {'Child': {'Kind': 'identifier',
                                                                                              'String': 'b'},
                                                                                    'Kind': 'primary_expression',
                                                                                    'String': 'b'}},
                                                               'width': {'Line Number': 10,
                                                                         'Value': {'Child': {'Kind': 'identifier',
                                                                                             'String': 'a'},
                                                                                   'Kind': 'primary_expression',
                                                                                   'String': 'a'}}},
                                                'Type': 'status'}}}],
           'Id': '0x1001',
           'Kind': 'Package',
           'Path': '/home/mkru/workspace/FBDL/PyFBDL/tests/parsing/valid/parameter_list/bus.fbd',
           'Symbols': {'my_config': RD to '0x1003',
                       'my_mask': RD to '0x1002',
                       'my_status': RD to '0x1004'}}]}
